stm32l0xx_hal_msp.c:5:6:HAL_MspInit	0	static
stm32l0xx_hal_msp.c:11:6:HAL_TIM_Base_MspInit	8	static
stm32l0xx_hal_msp.c:29:6:HAL_TIM_MspPostInit	0	static
stm32l0xx_hal_msp.c:34:6:HAL_TIM_Base_MspDeInit	8	static
stm32l0xx_hal_msp.c:51:6:HAL_UART_MspInit	32	static
stm32l0xx_hal_msp.c:70:6:HAL_UART_MspDeInit	8	static
stm32l0xx_hal_msp.c:84:6:HAL_ADC_MspInit	0	static
stm32l0xx_hal_msp.c:89:6:HAL_ADC_MspDeInit	0	static
stm32l0xx_hal_msp.c:100:6:HAL_SPI_MspInit	40	static
stm32l0xx_hal_msp.c:137:6:HAL_SPI_MspDeInit	8	static
