tft.c:5:6:TFT_PortInit	32	static
tft.c:30:6:TFT_SendCmd	16	static
tft.c:47:6:TFT_SendData	16	static
tft.c:66:6:TFT_SendRaw	8	static
tft.c:79:10:TFT_ConvToRGB565	0	static
tft.c:91:6:TFT_SetArea	40	static
tft.c:198:6:TFT_DrawRect.constprop	24	static
tft.c:112:6:TFT_Init	24	static
tft.c:138:6:TFT_TurnDisplayOn	16	static
tft.c:143:6:TFT_TurnDisplayOff	16	static
tft.c:148:6:TFT_SetDisplayColor24	24	static
tft.c:174:6:TFT_SetDisplayColor16	24	static
tft.c:198:6:TFT_DrawRect	32	static
tft.c:221:6:TFT_DrawPixel	8	static
tft.c:226:6:TFT_TestDisplayColors	8	static
tft.c:252:6:TFT_TestDisplayRectangles	40	static
