lcd.c:23:13:set_RS	16	static
lcd.c:27:13:set_RW	16	static
lcd.c:31:13:set_E	16	static
lcd.c:35:13:set_DB7	16	static
lcd.c:39:13:set_DB6	16	static
lcd.c:43:13:set_DB5	16	static
lcd.c:47:13:set_DB4	16	static
lcd.c:51:13:set_DB3	16	static
lcd.c:55:13:set_DB2	16	static
lcd.c:59:13:set_DB1	16	static
lcd.c:63:13:set_DB0	16	static
lcd.c:68:12:get_DB7	24	static
lcd.c:77:13:sendEnable	8	static
lcd.c:86:13:waitForBusyFlag	16	static
lcd.c:98:13:sendCommand	8	static
lcd.c:104:13:charToByteBuffer	32	static
lcd.c:112:13:sendByteBuffer	16	static
lcd.c:132:6:LCD_InitPins	32	static
lcd.c:166:6:LCD_Set8BitMode	8	static
lcd.c:183:6:LCD_ClearDisplay	8	static
lcd.c:200:6:LCD_ReturnHome	8	static
lcd.c:217:6:LCD_TurnDisplayOn	8	static
lcd.c:234:6:LCD_TurnDisplayOff	8	static
lcd.c:251:6:LCD_DisplayChar	16	static
lcd.c:257:6:LCD_Print	32	static
lcd.c:282:6:LCD_printf	272	static
