lcd.c:44:13:set_RS	16	static
lcd.c:48:13:set_RW	16	static
lcd.c:52:13:set_E	16	static
lcd.c:56:13:set_DB7	16	static
lcd.c:60:13:set_DB6	16	static
lcd.c:64:13:set_DB5	16	static
lcd.c:68:13:set_DB4	16	static
lcd.c:72:13:set_DB3	16	static
lcd.c:76:13:set_DB2	16	static
lcd.c:80:13:set_DB1	16	static
lcd.c:84:13:set_DB0	16	static
lcd.c:89:12:get_DB7	24	static
lcd.c:98:13:sendEnable	16	static
lcd.c:108:13:waitForBusyFlag	16	static
lcd.c:120:13:sendCommand	8	static
lcd.c:125:13:charToByteBuffer	32	static
lcd.c:133:13:sendByteBuffer	16	static
lcd.c:153:6:LCD_Init	32	static
lcd.c:190:6:LCD_Set8BitMode	8	static
lcd.c:207:6:LCD_ClearDisplay	8	static
lcd.c:224:6:LCD_ReturnHome	8	static
lcd.c:241:6:LCD_TurnDisplayOn	8	static
lcd.c:258:6:LCD_TurnDisplayOff	8	static
lcd.c:275:6:LCD_DisplayChar	16	static
lcd.c:281:6:LCD_Print	24	static
lcd.c:291:6:LCD_printf	272	static
