main.c:44:13:SystemClock_Config	112	static
main.c:85:13:MX_USART2_UART_Init	8	static
main.c:104:13:MX_TIM2_Init	32	static
main.c:137:13:MX_TIM21_Init	32	static
main.c:168:13:Port_Init	56	static
main.c:194:13:Port_As_Interrupt_Triggered	48	static
main.c:208:13:RetrieveDHT	72	static
main.c:257:13:RetrieveDHT_Debug	64	static
main.c:280:13:ProcessIRSignal	16	static
main.c:332:6:HAL_TIM_PeriodElapsedCallback	16	static
main.c:357:6:HAL_GPIO_EXTI_Callback	32	static,ignoring_inline_asm
main.c:379:5:main	8	static
