stm32l0xx_hal_msp.c:5:6:HAL_MspInit	8	static
stm32l0xx_hal_msp.c:11:6:HAL_TIM_Base_MspInit	16	static
stm32l0xx_hal_msp.c:29:6:HAL_TIM_MspPostInit	16	static
stm32l0xx_hal_msp.c:34:6:HAL_TIM_Base_MspDeInit	16	static
stm32l0xx_hal_msp.c:51:6:HAL_UART_MspInit	48	static
stm32l0xx_hal_msp.c:70:6:HAL_UART_MspDeInit	16	static
stm32l0xx_hal_msp.c:84:6:HAL_ADC_MspInit	16	static
stm32l0xx_hal_msp.c:89:6:HAL_ADC_MspDeInit	16	static
stm32l0xx_hal_msp.c:100:6:HAL_SPI_MspInit	48	static
stm32l0xx_hal_msp.c:137:6:HAL_SPI_MspDeInit	16	static
